Archive member included to satisfy reference by file (symbol)

c:/program files (x86)/atmel/studio/7.0/toolchain/avr8/avr8-gnu-toolchain/bin/../lib/gcc/avr/5.4.0/avr5\libgcc.a(_udivmodsi4.o)
                              2-HAL/1-LCD/CLCD_program.o (__udivmodsi4)
c:/program files (x86)/atmel/studio/7.0/toolchain/avr8/avr8-gnu-toolchain/bin/../lib/gcc/avr/5.4.0/avr5\libgcc.a(_exit.o)
                              C:/Program Files (x86)/Atmel/Studio/7.0/Packs/atmel/ATmega_DFP/1.7.374/gcc/dev/atmega32/avr5/crtatmega32.o (exit)
c:/program files (x86)/atmel/studio/7.0/toolchain/avr8/avr8-gnu-toolchain/bin/../lib/gcc/avr/5.4.0/avr5\libgcc.a(_copy_data.o)
                              2-HAL/3-KPD/KPD_programe.o (__do_copy_data)

Discarded input sections

 .data          0x00000000        0x0 C:/Program Files (x86)/Atmel/Studio/7.0/Packs/atmel/ATmega_DFP/1.7.374/gcc/dev/atmega32/avr5/crtatmega32.o
 .bss           0x00000000        0x0 C:/Program Files (x86)/Atmel/Studio/7.0/Packs/atmel/ATmega_DFP/1.7.374/gcc/dev/atmega32/avr5/crtatmega32.o
 .text          0x00000000        0x0 1-MCAL/1-DIO/DIO_program.o
 .data          0x00000000        0x0 1-MCAL/1-DIO/DIO_program.o
 .bss           0x00000000        0x0 1-MCAL/1-DIO/DIO_program.o
 .text.DIO_u8SetPortDirection
                0x00000000       0x34 1-MCAL/1-DIO/DIO_program.o
 .text          0x00000000        0x0 1-MCAL/2-UART/UART_program.o
 .data          0x00000000        0x0 1-MCAL/2-UART/UART_program.o
 .bss           0x00000000        0x0 1-MCAL/2-UART/UART_program.o
 .text.UART_TxChar
                0x00000000        0x8 1-MCAL/2-UART/UART_program.o
 .text          0x00000000        0x0 1-MCAL/3-SPI/SPI_program.o
 .data          0x00000000        0x0 1-MCAL/3-SPI/SPI_program.o
 .bss           0x00000000        0x0 1-MCAL/3-SPI/SPI_program.o
 .text.SPI_initMaster
                0x00000000       0x32 1-MCAL/3-SPI/SPI_program.o
 .text.SPI_initSlave
                0x00000000       0x20 1-MCAL/3-SPI/SPI_program.o
 .text.SPI_transieve
                0x00000000        0xa 1-MCAL/3-SPI/SPI_program.o
 .debug_info    0x00000000       0xd0 1-MCAL/3-SPI/SPI_program.o
 .debug_abbrev  0x00000000       0x6f 1-MCAL/3-SPI/SPI_program.o
 .debug_loc     0x00000000       0x1f 1-MCAL/3-SPI/SPI_program.o
 .debug_aranges
                0x00000000       0x30 1-MCAL/3-SPI/SPI_program.o
 .debug_ranges  0x00000000       0x20 1-MCAL/3-SPI/SPI_program.o
 .debug_line    0x00000000       0xed 1-MCAL/3-SPI/SPI_program.o
 .debug_str     0x00000000      0x1af 1-MCAL/3-SPI/SPI_program.o
 .comment       0x00000000       0x31 1-MCAL/3-SPI/SPI_program.o
 .debug_frame   0x00000000       0x44 1-MCAL/3-SPI/SPI_program.o
 .text          0x00000000        0x0 1-MCAL/4-ADC/ADC_program.o
 .data          0x00000000        0x0 1-MCAL/4-ADC/ADC_program.o
 .bss           0x00000000        0x0 1-MCAL/4-ADC/ADC_program.o
 .text          0x00000000        0x0 2-HAL/1-LCD/CLCD_program.o
 .data          0x00000000        0x0 2-HAL/1-LCD/CLCD_program.o
 .bss           0x00000000        0x0 2-HAL/1-LCD/CLCD_program.o
 .text.CLCD_voidShift
                0x00000000       0x30 2-HAL/1-LCD/CLCD_program.o
 .text.CLCD_voidWriteHalfPort
                0x00000000       0x70 2-HAL/1-LCD/CLCD_program.o
 .text          0x00000000        0x0 2-HAL/2-LED/LED_program.o
 .data          0x00000000        0x0 2-HAL/2-LED/LED_program.o
 .bss           0x00000000        0x0 2-HAL/2-LED/LED_program.o
 .text.LED_voidInit
                0x00000000        0x8 2-HAL/2-LED/LED_program.o
 .text.LED_voidOn
                0x00000000       0x14 2-HAL/2-LED/LED_program.o
 .text.LED_voidOff
                0x00000000       0x16 2-HAL/2-LED/LED_program.o
 .text.LED_voidToggle
                0x00000000        0x2 2-HAL/2-LED/LED_program.o
 .debug_info    0x00000000      0x207 2-HAL/2-LED/LED_program.o
 .debug_abbrev  0x00000000       0xa7 2-HAL/2-LED/LED_program.o
 .debug_loc     0x00000000      0x1c6 2-HAL/2-LED/LED_program.o
 .debug_aranges
                0x00000000       0x38 2-HAL/2-LED/LED_program.o
 .debug_ranges  0x00000000       0x28 2-HAL/2-LED/LED_program.o
 .debug_line    0x00000000       0xea 2-HAL/2-LED/LED_program.o
 .debug_str     0x00000000      0x1fa 2-HAL/2-LED/LED_program.o
 .comment       0x00000000       0x31 2-HAL/2-LED/LED_program.o
 .debug_frame   0x00000000       0x54 2-HAL/2-LED/LED_program.o
 .text          0x00000000        0x0 2-HAL/3-KPD/KPD_programe.o
 .data          0x00000000        0x0 2-HAL/3-KPD/KPD_programe.o
 .bss           0x00000000        0x0 2-HAL/3-KPD/KPD_programe.o
 .text.KPD_init
                0x00000000       0x5a 2-HAL/3-KPD/KPD_programe.o
 .rodata        0x00000000        0xc 2-HAL/3-KPD/KPD_programe.o
 .text.KPD_u8GetPressedKey
                0x00000000      0x110 2-HAL/3-KPD/KPD_programe.o
 .debug_info    0x00000000      0x308 2-HAL/3-KPD/KPD_programe.o
 .debug_abbrev  0x00000000       0xca 2-HAL/3-KPD/KPD_programe.o
 .debug_loc     0x00000000      0x146 2-HAL/3-KPD/KPD_programe.o
 .debug_aranges
                0x00000000       0x28 2-HAL/3-KPD/KPD_programe.o
 .debug_ranges  0x00000000       0x18 2-HAL/3-KPD/KPD_programe.o
 .debug_line    0x00000000      0x164 2-HAL/3-KPD/KPD_programe.o
 .debug_str     0x00000000      0x265 2-HAL/3-KPD/KPD_programe.o
 .comment       0x00000000       0x31 2-HAL/3-KPD/KPD_programe.o
 .debug_frame   0x00000000       0x6c 2-HAL/3-KPD/KPD_programe.o
 .text          0x00000000        0x0 2-HAL/4-SSEG/SEVENSEG_program.o
 .data          0x00000000        0x0 2-HAL/4-SSEG/SEVENSEG_program.o
 .bss           0x00000000        0x0 2-HAL/4-SSEG/SEVENSEG_program.o
 .text.SEVENSEG_voidSetConfig
                0x00000000        0xc 2-HAL/4-SSEG/SEVENSEG_program.o
 .rodata        0x00000000        0xa 2-HAL/4-SSEG/SEVENSEG_program.o
 .text.SEVENSEG_voidSendNumber
                0x00000000       0x72 2-HAL/4-SSEG/SEVENSEG_program.o
 .debug_info    0x00000000      0x1cb 2-HAL/4-SSEG/SEVENSEG_program.o
 .debug_abbrev  0x00000000      0x126 2-HAL/4-SSEG/SEVENSEG_program.o
 .debug_loc     0x00000000       0xd1 2-HAL/4-SSEG/SEVENSEG_program.o
 .debug_aranges
                0x00000000       0x28 2-HAL/4-SSEG/SEVENSEG_program.o
 .debug_ranges  0x00000000       0x18 2-HAL/4-SSEG/SEVENSEG_program.o
 .debug_line    0x00000000       0xba 2-HAL/4-SSEG/SEVENSEG_program.o
 .debug_str     0x00000000      0x238 2-HAL/4-SSEG/SEVENSEG_program.o
 .comment       0x00000000       0x31 2-HAL/4-SSEG/SEVENSEG_program.o
 .debug_frame   0x00000000       0x44 2-HAL/4-SSEG/SEVENSEG_program.o
 .text          0x00000000        0x0 2-HAL/5-SW/SW_program.o
 .data          0x00000000        0x0 2-HAL/5-SW/SW_program.o
 .bss           0x00000000        0x0 2-HAL/5-SW/SW_program.o
 .text.SW_voidSetConfig
                0x00000000       0x28 2-HAL/5-SW/SW_program.o
 .text.SW_voidGetButtonState
                0x00000000       0x14 2-HAL/5-SW/SW_program.o
 .debug_info    0x00000000      0x1a3 2-HAL/5-SW/SW_program.o
 .debug_abbrev  0x00000000       0x96 2-HAL/5-SW/SW_program.o
 .debug_loc     0x00000000      0x188 2-HAL/5-SW/SW_program.o
 .debug_aranges
                0x00000000       0x28 2-HAL/5-SW/SW_program.o
 .debug_ranges  0x00000000       0x18 2-HAL/5-SW/SW_program.o
 .debug_line    0x00000000       0xbf 2-HAL/5-SW/SW_program.o
 .debug_str     0x00000000      0x204 2-HAL/5-SW/SW_program.o
 .comment       0x00000000       0x31 2-HAL/5-SW/SW_program.o
 .debug_frame   0x00000000       0x50 2-HAL/5-SW/SW_program.o
 .text          0x00000000        0x0 main.o
 .data          0x00000000        0x0 main.o
 .bss           0x00000000        0x0 main.o
 .text          0x00000000        0x0 c:/program files (x86)/atmel/studio/7.0/toolchain/avr8/avr8-gnu-toolchain/bin/../lib/gcc/avr/5.4.0/avr5\libgcc.a(_udivmodsi4.o)
 .data          0x00000000        0x0 c:/program files (x86)/atmel/studio/7.0/toolchain/avr8/avr8-gnu-toolchain/bin/../lib/gcc/avr/5.4.0/avr5\libgcc.a(_udivmodsi4.o)
 .bss           0x00000000        0x0 c:/program files (x86)/atmel/studio/7.0/toolchain/avr8/avr8-gnu-toolchain/bin/../lib/gcc/avr/5.4.0/avr5\libgcc.a(_udivmodsi4.o)
 .text.libgcc.mul
                0x00000000        0x0 c:/program files (x86)/atmel/studio/7.0/toolchain/avr8/avr8-gnu-toolchain/bin/../lib/gcc/avr/5.4.0/avr5\libgcc.a(_udivmodsi4.o)
 .text.libgcc   0x00000000        0x0 c:/program files (x86)/atmel/studio/7.0/toolchain/avr8/avr8-gnu-toolchain/bin/../lib/gcc/avr/5.4.0/avr5\libgcc.a(_udivmodsi4.o)
 .text.libgcc.prologue
                0x00000000        0x0 c:/program files (x86)/atmel/studio/7.0/toolchain/avr8/avr8-gnu-toolchain/bin/../lib/gcc/avr/5.4.0/avr5\libgcc.a(_udivmodsi4.o)
 .text.libgcc.builtins
                0x00000000        0x0 c:/program files (x86)/atmel/studio/7.0/toolchain/avr8/avr8-gnu-toolchain/bin/../lib/gcc/avr/5.4.0/avr5\libgcc.a(_udivmodsi4.o)
 .text.libgcc.fmul
                0x00000000        0x0 c:/program files (x86)/atmel/studio/7.0/toolchain/avr8/avr8-gnu-toolchain/bin/../lib/gcc/avr/5.4.0/avr5\libgcc.a(_udivmodsi4.o)
 .text.libgcc.fixed
                0x00000000        0x0 c:/program files (x86)/atmel/studio/7.0/toolchain/avr8/avr8-gnu-toolchain/bin/../lib/gcc/avr/5.4.0/avr5\libgcc.a(_udivmodsi4.o)
 .text          0x00000000        0x0 c:/program files (x86)/atmel/studio/7.0/toolchain/avr8/avr8-gnu-toolchain/bin/../lib/gcc/avr/5.4.0/avr5\libgcc.a(_exit.o)
 .data          0x00000000        0x0 c:/program files (x86)/atmel/studio/7.0/toolchain/avr8/avr8-gnu-toolchain/bin/../lib/gcc/avr/5.4.0/avr5\libgcc.a(_exit.o)
 .bss           0x00000000        0x0 c:/program files (x86)/atmel/studio/7.0/toolchain/avr8/avr8-gnu-toolchain/bin/../lib/gcc/avr/5.4.0/avr5\libgcc.a(_exit.o)
 .text.libgcc.mul
                0x00000000        0x0 c:/program files (x86)/atmel/studio/7.0/toolchain/avr8/avr8-gnu-toolchain/bin/../lib/gcc/avr/5.4.0/avr5\libgcc.a(_exit.o)
 .text.libgcc.div
                0x00000000        0x0 c:/program files (x86)/atmel/studio/7.0/toolchain/avr8/avr8-gnu-toolchain/bin/../lib/gcc/avr/5.4.0/avr5\libgcc.a(_exit.o)
 .text.libgcc   0x00000000        0x0 c:/program files (x86)/atmel/studio/7.0/toolchain/avr8/avr8-gnu-toolchain/bin/../lib/gcc/avr/5.4.0/avr5\libgcc.a(_exit.o)
 .text.libgcc.prologue
                0x00000000        0x0 c:/program files (x86)/atmel/studio/7.0/toolchain/avr8/avr8-gnu-toolchain/bin/../lib/gcc/avr/5.4.0/avr5\libgcc.a(_exit.o)
 .text.libgcc.builtins
                0x00000000        0x0 c:/program files (x86)/atmel/studio/7.0/toolchain/avr8/avr8-gnu-toolchain/bin/../lib/gcc/avr/5.4.0/avr5\libgcc.a(_exit.o)
 .text.libgcc.fmul
                0x00000000        0x0 c:/program files (x86)/atmel/studio/7.0/toolchain/avr8/avr8-gnu-toolchain/bin/../lib/gcc/avr/5.4.0/avr5\libgcc.a(_exit.o)
 .text.libgcc.fixed
                0x00000000        0x0 c:/program files (x86)/atmel/studio/7.0/toolchain/avr8/avr8-gnu-toolchain/bin/../lib/gcc/avr/5.4.0/avr5\libgcc.a(_exit.o)
 .text          0x00000000        0x0 c:/program files (x86)/atmel/studio/7.0/toolchain/avr8/avr8-gnu-toolchain/bin/../lib/gcc/avr/5.4.0/avr5\libgcc.a(_copy_data.o)
 .data          0x00000000        0x0 c:/program files (x86)/atmel/studio/7.0/toolchain/avr8/avr8-gnu-toolchain/bin/../lib/gcc/avr/5.4.0/avr5\libgcc.a(_copy_data.o)
 .bss           0x00000000        0x0 c:/program files (x86)/atmel/studio/7.0/toolchain/avr8/avr8-gnu-toolchain/bin/../lib/gcc/avr/5.4.0/avr5\libgcc.a(_copy_data.o)
 .text.libgcc.mul
                0x00000000        0x0 c:/program files (x86)/atmel/studio/7.0/toolchain/avr8/avr8-gnu-toolchain/bin/../lib/gcc/avr/5.4.0/avr5\libgcc.a(_copy_data.o)
 .text.libgcc.div
                0x00000000        0x0 c:/program files (x86)/atmel/studio/7.0/toolchain/avr8/avr8-gnu-toolchain/bin/../lib/gcc/avr/5.4.0/avr5\libgcc.a(_copy_data.o)
 .text.libgcc   0x00000000        0x0 c:/program files (x86)/atmel/studio/7.0/toolchain/avr8/avr8-gnu-toolchain/bin/../lib/gcc/avr/5.4.0/avr5\libgcc.a(_copy_data.o)
 .text.libgcc.prologue
                0x00000000        0x0 c:/program files (x86)/atmel/studio/7.0/toolchain/avr8/avr8-gnu-toolchain/bin/../lib/gcc/avr/5.4.0/avr5\libgcc.a(_copy_data.o)
 .text.libgcc.builtins
                0x00000000        0x0 c:/program files (x86)/atmel/studio/7.0/toolchain/avr8/avr8-gnu-toolchain/bin/../lib/gcc/avr/5.4.0/avr5\libgcc.a(_copy_data.o)
 .text.libgcc.fmul
                0x00000000        0x0 c:/program files (x86)/atmel/studio/7.0/toolchain/avr8/avr8-gnu-toolchain/bin/../lib/gcc/avr/5.4.0/avr5\libgcc.a(_copy_data.o)
 .text.libgcc.fixed
                0x00000000        0x0 c:/program files (x86)/atmel/studio/7.0/toolchain/avr8/avr8-gnu-toolchain/bin/../lib/gcc/avr/5.4.0/avr5\libgcc.a(_copy_data.o)

Memory Configuration

Name             Origin             Length             Attributes
text             0x00000000         0x00008000         xr
data             0x00800060         0x00000800         rw !x
eeprom           0x00810000         0x00000400         rw !x
fuse             0x00820000         0x00000002         rw !x
lock             0x00830000         0x00000400         rw !x
signature        0x00840000         0x00000400         rw !x
user_signatures  0x00850000         0x00000400         rw !x
*default*        0x00000000         0xffffffff

Linker script and memory map

LOAD C:/Program Files (x86)/Atmel/Studio/7.0/Packs/atmel/ATmega_DFP/1.7.374/gcc/dev/atmega32/avr5/crtatmega32.o
LOAD 1-MCAL/1-DIO/DIO_program.o
LOAD 1-MCAL/2-UART/UART_program.o
LOAD 1-MCAL/3-SPI/SPI_program.o
LOAD 1-MCAL/4-ADC/ADC_program.o
LOAD 2-HAL/1-LCD/CLCD_program.o
LOAD 2-HAL/2-LED/LED_program.o
LOAD 2-HAL/3-KPD/KPD_programe.o
LOAD 2-HAL/4-SSEG/SEVENSEG_program.o
LOAD 2-HAL/5-SW/SW_program.o
LOAD main.o
START GROUP
LOAD c:/program files (x86)/atmel/studio/7.0/toolchain/avr8/avr8-gnu-toolchain/bin/../lib/gcc/avr/5.4.0/../../../../avr/lib/avr5\libm.a
END GROUP
START GROUP
LOAD c:/program files (x86)/atmel/studio/7.0/toolchain/avr8/avr8-gnu-toolchain/bin/../lib/gcc/avr/5.4.0/avr5\libgcc.a
LOAD c:/program files (x86)/atmel/studio/7.0/toolchain/avr8/avr8-gnu-toolchain/bin/../lib/gcc/avr/5.4.0/../../../../avr/lib/avr5\libm.a
LOAD c:/program files (x86)/atmel/studio/7.0/toolchain/avr8/avr8-gnu-toolchain/bin/../lib/gcc/avr/5.4.0/../../../../avr/lib/avr5\libc.a
LOAD C:/Program Files (x86)/Atmel/Studio/7.0/Packs/atmel/ATmega_DFP/1.7.374/gcc/dev/atmega32/avr5\libatmega32.a
END GROUP
                0x00000000                __TEXT_REGION_ORIGIN__ = DEFINED (__TEXT_REGION_ORIGIN__)?__TEXT_REGION_ORIGIN__:0x0
                [0x00800060]                __DATA_REGION_ORIGIN__ = DEFINED (__DATA_REGION_ORIGIN__)?__DATA_REGION_ORIGIN__:0x800060
                [0x00008000]                __TEXT_REGION_LENGTH__ = DEFINED (__TEXT_REGION_LENGTH__)?__TEXT_REGION_LENGTH__:0x20000
                [0x00000800]                __DATA_REGION_LENGTH__ = DEFINED (__DATA_REGION_LENGTH__)?__DATA_REGION_LENGTH__:0xffa0
                [0x00000400]                __EEPROM_REGION_LENGTH__ = DEFINED (__EEPROM_REGION_LENGTH__)?__EEPROM_REGION_LENGTH__:0x10000
                [0x00000002]                __FUSE_REGION_LENGTH__ = DEFINED (__FUSE_REGION_LENGTH__)?__FUSE_REGION_LENGTH__:0x400
                0x00000400                __LOCK_REGION_LENGTH__ = DEFINED (__LOCK_REGION_LENGTH__)?__LOCK_REGION_LENGTH__:0x400
                0x00000400                __SIGNATURE_REGION_LENGTH__ = DEFINED (__SIGNATURE_REGION_LENGTH__)?__SIGNATURE_REGION_LENGTH__:0x400
                0x00000400                __USER_SIGNATURE_REGION_LENGTH__ = DEFINED (__USER_SIGNATURE_REGION_LENGTH__)?__USER_SIGNATURE_REGION_LENGTH__:0x400

.hash
 *(.hash)

.dynsym
 *(.dynsym)

.dynstr
 *(.dynstr)

.gnu.version
 *(.gnu.version)

.gnu.version_d
 *(.gnu.version_d)

.gnu.version_r
 *(.gnu.version_r)

.rel.init
 *(.rel.init)

.rela.init
 *(.rela.init)

.rel.text
 *(.rel.text)
 *(.rel.text.*)
 *(.rel.gnu.linkonce.t*)

.rela.text
 *(.rela.text)
 *(.rela.text.*)
 *(.rela.gnu.linkonce.t*)

.rel.fini
 *(.rel.fini)

.rela.fini
 *(.rela.fini)

.rel.rodata
 *(.rel.rodata)
 *(.rel.rodata.*)
 *(.rel.gnu.linkonce.r*)

.rela.rodata
 *(.rela.rodata)
 *(.rela.rodata.*)
 *(.rela.gnu.linkonce.r*)

.rel.data
 *(.rel.data)
 *(.rel.data.*)
 *(.rel.gnu.linkonce.d*)

.rela.data
 *(.rela.data)
 *(.rela.data.*)
 *(.rela.gnu.linkonce.d*)

.rel.ctors
 *(.rel.ctors)

.rela.ctors
 *(.rela.ctors)

.rel.dtors
 *(.rel.dtors)

.rela.dtors
 *(.rela.dtors)

.rel.got
 *(.rel.got)

.rela.got
 *(.rela.got)

.rel.bss
 *(.rel.bss)

.rela.bss
 *(.rela.bss)

.rel.plt
 *(.rel.plt)

.rela.plt
 *(.rela.plt)

.text           0x00000000      0x7ae
 *(.vectors)
 .vectors       0x00000000       0x54 C:/Program Files (x86)/Atmel/Studio/7.0/Packs/atmel/ATmega_DFP/1.7.374/gcc/dev/atmega32/avr5/crtatmega32.o
                0x00000000                __vector_default
                0x00000000                __vectors
 *(.vectors)
 *(.progmem.gcc*)
                0x00000054                . = ALIGN (0x2)
                0x00000054                __trampolines_start = .
 *(.trampolines)
 .trampolines   0x00000054        0x0 linker stubs
 *(.trampolines*)
                0x00000054                __trampolines_end = .
 *libprintf_flt.a:*(.progmem.data)
 *libc.a:*(.progmem.data)
 *(.progmem*)
                0x00000054                . = ALIGN (0x2)
 *(.jumptables)
 *(.jumptables*)
 *(.lowtext)
 *(.lowtext*)
                0x00000054                __ctors_start = .
 *(.ctors)
                0x00000054                __ctors_end = .
                0x00000054                __dtors_start = .
 *(.dtors)
                0x00000054                __dtors_end = .
 SORT(*)(.ctors)
 SORT(*)(.dtors)
 *(.init0)
 .init0         0x00000054        0x0 C:/Program Files (x86)/Atmel/Studio/7.0/Packs/atmel/ATmega_DFP/1.7.374/gcc/dev/atmega32/avr5/crtatmega32.o
                0x00000054                __init
 *(.init0)
 *(.init1)
 *(.init1)
 *(.init2)
 .init2         0x00000054        0xc C:/Program Files (x86)/Atmel/Studio/7.0/Packs/atmel/ATmega_DFP/1.7.374/gcc/dev/atmega32/avr5/crtatmega32.o
 *(.init2)
 *(.init3)
 *(.init3)
 *(.init4)
 .init4         0x00000060       0x16 c:/program files (x86)/atmel/studio/7.0/toolchain/avr8/avr8-gnu-toolchain/bin/../lib/gcc/avr/5.4.0/avr5\libgcc.a(_copy_data.o)
                0x00000060                __do_copy_data
 *(.init4)
 *(.init5)
 *(.init5)
 *(.init6)
 *(.init6)
 *(.init7)
 *(.init7)
 *(.init8)
 *(.init8)
 *(.init9)
 .init9         0x00000076        0x8 C:/Program Files (x86)/Atmel/Studio/7.0/Packs/atmel/ATmega_DFP/1.7.374/gcc/dev/atmega32/avr5/crtatmega32.o
 *(.init9)
 *(.text)
 .text          0x0000007e        0x4 C:/Program Files (x86)/Atmel/Studio/7.0/Packs/atmel/ATmega_DFP/1.7.374/gcc/dev/atmega32/avr5/crtatmega32.o
                0x0000007e                __vector_1
                0x0000007e                __vector_12
                0x0000007e                __bad_interrupt
                0x0000007e                __vector_6
                0x0000007e                __vector_3
                0x0000007e                __vector_11
                0x0000007e                __vector_13
                0x0000007e                __vector_17
                0x0000007e                __vector_19
                0x0000007e                __vector_7
                0x0000007e                __vector_5
                0x0000007e                __vector_4
                0x0000007e                __vector_9
                0x0000007e                __vector_2
                0x0000007e                __vector_15
                0x0000007e                __vector_8
                0x0000007e                __vector_14
                0x0000007e                __vector_10
                0x0000007e                __vector_16
                0x0000007e                __vector_18
                0x0000007e                __vector_20
                0x00000082                . = ALIGN (0x2)
 *(.text.*)
 .text.DIO_u8SetPinDirection
                0x00000082      0x110 1-MCAL/1-DIO/DIO_program.o
                0x00000082                DIO_u8SetPinDirection
 .text.DIO_u8SetPinVa1ue
                0x00000192      0x110 1-MCAL/1-DIO/DIO_program.o
                0x00000192                DIO_u8SetPinVa1ue
 .text.DIO_u8SetPortVa1ue
                0x000002a2       0x34 1-MCAL/1-DIO/DIO_program.o
                0x000002a2                DIO_u8SetPortVa1ue
 .text.DIO_u8GetPinVaIue
                0x000002d6       0x68 1-MCAL/1-DIO/DIO_program.o
                0x000002d6                DIO_u8GetPinVaIue
 .text.UART_init
                0x0000033e       0x30 1-MCAL/2-UART/UART_program.o
                0x0000033e                UART_init
 .text.UART_RxChar
                0x0000036e        0x8 1-MCAL/2-UART/UART_program.o
                0x0000036e                UART_RxChar
 .text.ADC_init
                0x00000376       0x32 1-MCAL/4-ADC/ADC_program.o
                0x00000376                ADC_init
 .text.ADC_getDigitalValue
                0x000003a8       0x32 1-MCAL/4-ADC/ADC_program.o
                0x000003a8                ADC_getDigitalValue
 .text.CLCD_u8SendCommand
                0x000003da       0x46 2-HAL/1-LCD/CLCD_program.o
                0x000003da                CLCD_u8SendCommand
 .text.CLCD_voidInit
                0x00000420       0x8e 2-HAL/1-LCD/CLCD_program.o
                0x00000420                CLCD_voidInit
 .text.CLCD_u8SendChar
                0x000004ae       0x46 2-HAL/1-LCD/CLCD_program.o
                0x000004ae                CLCD_u8SendChar
 .text.CLCD_u8SendString
                0x000004f4       0x26 2-HAL/1-LCD/CLCD_program.o
                0x000004f4                CLCD_u8SendString
 .text.CLCD_voidGoToXY
                0x0000051a       0x1a 2-HAL/1-LCD/CLCD_program.o
                0x0000051a                CLCD_voidGoToXY
 .text.CLCD_voidClear
                0x00000534       0x14 2-HAL/1-LCD/CLCD_program.o
                0x00000534                CLCD_voidClear
 .text.CLCD_voidWriteNumber
                0x00000548       0xb8 2-HAL/1-LCD/CLCD_program.o
                0x00000548                CLCD_voidWriteNumber
 .text.main     0x00000600      0x166 main.o
                0x00000600                main
 .text.libgcc.div
                0x00000766       0x44 c:/program files (x86)/atmel/studio/7.0/toolchain/avr8/avr8-gnu-toolchain/bin/../lib/gcc/avr/5.4.0/avr5\libgcc.a(_udivmodsi4.o)
                0x00000766                __udivmodsi4
                0x000007aa                . = ALIGN (0x2)
 *(.fini9)
 .fini9         0x000007aa        0x0 c:/program files (x86)/atmel/studio/7.0/toolchain/avr8/avr8-gnu-toolchain/bin/../lib/gcc/avr/5.4.0/avr5\libgcc.a(_exit.o)
                0x000007aa                _exit
                0x000007aa                exit
 *(.fini9)
 *(.fini8)
 *(.fini8)
 *(.fini7)
 *(.fini7)
 *(.fini6)
 *(.fini6)
 *(.fini5)
 *(.fini5)
 *(.fini4)
 *(.fini4)
 *(.fini3)
 *(.fini3)
 *(.fini2)
 *(.fini2)
 *(.fini1)
 *(.fini1)
 *(.fini0)
 .fini0         0x000007aa        0x4 c:/program files (x86)/atmel/studio/7.0/toolchain/avr8/avr8-gnu-toolchain/bin/../lib/gcc/avr/5.4.0/avr5\libgcc.a(_exit.o)
 *(.fini0)
                0x000007ae                _etext = .

.data           0x00800060       0x20 load address 0x000007ae
                0x00800060                PROVIDE (__data_start, .)
 *(.data)
 *(.data*)
 *(.gnu.linkonce.d*)
 *(.rodata)
 *(.rodata*)
 .rodata.str1.1
                0x00800060       0x1f main.o
 *(.gnu.linkonce.r*)
                0x00800080                . = ALIGN (0x2)
 *fill*         0x0080007f        0x1 
                0x00800080                _edata = .
                0x00800080                PROVIDE (__data_end, .)

.bss            0x00800080        0x0
                [!provide]                PROVIDE (__bss_start, .)
 *(.bss)
 *(.bss*)
 *(COMMON)
                [!provide]                PROVIDE (__bss_end, .)
                0x000007ae                __data_load_start = LOADADDR (.data)
                0x000007ce                __data_load_end = (__data_load_start + SIZEOF (.data))

.noinit         0x00800080        0x0
                [!provide]                PROVIDE (__noinit_start, .)
 *(.noinit*)
                [!provide]                PROVIDE (__noinit_end, .)
                0x00800080                _end = .
                [!provide]                PROVIDE (__heap_start, .)

.eeprom         0x00810000        0x0
 *(.eeprom*)
                0x00810000                __eeprom_end = .

.fuse
 *(.fuse)
 *(.lfuse)
 *(.hfuse)
 *(.efuse)

.lock
 *(.lock*)

.signature
 *(.signature*)

.user_signatures
 *(.user_signatures*)

.stab
 *(.stab)

.stabstr
 *(.stabstr)

.stab.excl
 *(.stab.excl)

.stab.exclstr
 *(.stab.exclstr)

.stab.index
 *(.stab.index)

.stab.indexstr
 *(.stab.indexstr)

.comment        0x00000000       0x30
 *(.comment)
 .comment       0x00000000       0x30 1-MCAL/1-DIO/DIO_program.o
                                 0x31 (size before relaxing)
 .comment       0x00000030       0x31 1-MCAL/2-UART/UART_program.o
 .comment       0x00000030       0x31 1-MCAL/4-ADC/ADC_program.o
 .comment       0x00000030       0x31 2-HAL/1-LCD/CLCD_program.o
 .comment       0x00000030       0x31 main.o

.note.gnu.avr.deviceinfo
                0x00000000       0x3c
 .note.gnu.avr.deviceinfo
                0x00000000       0x3c C:/Program Files (x86)/Atmel/Studio/7.0/Packs/atmel/ATmega_DFP/1.7.374/gcc/dev/atmega32/avr5/crtatmega32.o

.note.gnu.build-id
 *(.note.gnu.build-id)

.debug
 *(.debug)

.line
 *(.line)

.debug_srcinfo
 *(.debug_srcinfo)

.debug_sfnames
 *(.debug_sfnames)

.debug_aranges  0x00000000      0x118
 *(.debug_aranges)
 .debug_aranges
                0x00000000       0x40 1-MCAL/1-DIO/DIO_program.o
 .debug_aranges
                0x00000040       0x30 1-MCAL/2-UART/UART_program.o
 .debug_aranges
                0x00000070       0x28 1-MCAL/4-ADC/ADC_program.o
 .debug_aranges
                0x00000098       0x60 2-HAL/1-LCD/CLCD_program.o
 .debug_aranges
                0x000000f8       0x20 main.o

.debug_pubnames
 *(.debug_pubnames)

.debug_info     0x00000000     0x161e
 *(.debug_info .gnu.linkonce.wi.*)
 .debug_info    0x00000000      0x4e6 C:/Program Files (x86)/Atmel/Studio/7.0/Packs/atmel/ATmega_DFP/1.7.374/gcc/dev/atmega32/avr5/crtatmega32.o
 .debug_info    0x000004e6      0x21e 1-MCAL/1-DIO/DIO_program.o
 .debug_info    0x00000704      0x11a 1-MCAL/2-UART/UART_program.o
 .debug_info    0x0000081e       0xdd 1-MCAL/4-ADC/ADC_program.o
 .debug_info    0x000008fb      0x7f2 2-HAL/1-LCD/CLCD_program.o
 .debug_info    0x000010ed      0x531 main.o

.debug_abbrev   0x00000000      0x8ee
 *(.debug_abbrev)
 .debug_abbrev  0x00000000      0x4a3 C:/Program Files (x86)/Atmel/Studio/7.0/Packs/atmel/ATmega_DFP/1.7.374/gcc/dev/atmega32/avr5/crtatmega32.o
 .debug_abbrev  0x000004a3       0x80 1-MCAL/1-DIO/DIO_program.o
 .debug_abbrev  0x00000523       0xa7 1-MCAL/2-UART/UART_program.o
 .debug_abbrev  0x000005ca       0x87 1-MCAL/4-ADC/ADC_program.o
 .debug_abbrev  0x00000651      0x17c 2-HAL/1-LCD/CLCD_program.o
 .debug_abbrev  0x000007cd      0x121 main.o

.debug_line     0x00000000      0xcd7
 *(.debug_line .debug_line.* .debug_line_end)
 .debug_line    0x00000000      0x116 C:/Program Files (x86)/Atmel/Studio/7.0/Packs/atmel/ATmega_DFP/1.7.374/gcc/dev/atmega32/avr5/crtatmega32.o
 .debug_line    0x00000116      0x38c 1-MCAL/1-DIO/DIO_program.o
 .debug_line    0x000004a2       0xfd 1-MCAL/2-UART/UART_program.o
 .debug_line    0x0000059f       0xdd 1-MCAL/4-ADC/ADC_program.o
 .debug_line    0x0000067c      0x3af 2-HAL/1-LCD/CLCD_program.o
 .debug_line    0x00000a2b      0x2ac main.o

.debug_frame    0x00000000      0x1fc
 *(.debug_frame)
 .debug_frame   0x00000000       0x64 1-MCAL/1-DIO/DIO_program.o
 .debug_frame   0x00000064       0x44 1-MCAL/2-UART/UART_program.o
 .debug_frame   0x000000a8       0x34 1-MCAL/4-ADC/ADC_program.o
 .debug_frame   0x000000dc       0xec 2-HAL/1-LCD/CLCD_program.o
 .debug_frame   0x000001c8       0x34 main.o

.debug_str      0x00000000      0x611
 *(.debug_str)
 .debug_str     0x00000000      0x196 C:/Program Files (x86)/Atmel/Studio/7.0/Packs/atmel/ATmega_DFP/1.7.374/gcc/dev/atmega32/avr5/crtatmega32.o
 .debug_str     0x00000196      0x210 1-MCAL/1-DIO/DIO_program.o
                                0x237 (size before relaxing)
 .debug_str     0x000003a6       0x4e 1-MCAL/2-UART/UART_program.o
                                0x1c3 (size before relaxing)
 .debug_str     0x000003f4       0x53 1-MCAL/4-ADC/ADC_program.o
                                0x1b2 (size before relaxing)
 .debug_str     0x00000447      0x192 2-HAL/1-LCD/CLCD_program.o
                                0x33f (size before relaxing)
 .debug_str     0x000005d9       0x38 main.o
                                0x2af (size before relaxing)

.debug_loc      0x00000000      0xba3
 *(.debug_loc)
 .debug_loc     0x00000000      0x50f 1-MCAL/1-DIO/DIO_program.o
 .debug_loc     0x0000050f       0x21 1-MCAL/4-ADC/ADC_program.o
 .debug_loc     0x00000530      0x50a 2-HAL/1-LCD/CLCD_program.o
 .debug_loc     0x00000a3a      0x169 main.o

.debug_macinfo
 *(.debug_macinfo)

.debug_weaknames
 *(.debug_weaknames)

.debug_funcnames
 *(.debug_funcnames)

.debug_typenames
 *(.debug_typenames)

.debug_varnames
 *(.debug_varnames)

.debug_pubtypes
 *(.debug_pubtypes)

.debug_ranges   0x00000000       0xc8
 *(.debug_ranges)
 .debug_ranges  0x00000000       0x30 1-MCAL/1-DIO/DIO_program.o
 .debug_ranges  0x00000030       0x20 1-MCAL/2-UART/UART_program.o
 .debug_ranges  0x00000050       0x18 1-MCAL/4-ADC/ADC_program.o
 .debug_ranges  0x00000068       0x50 2-HAL/1-LCD/CLCD_program.o
 .debug_ranges  0x000000b8       0x10 main.o

.debug_macro
 *(.debug_macro)
OUTPUT(ROOM2.elf elf32-avr)
LOAD linker stubs
